2014/04/01-00:26:31.339 ComClient       LcsGetClientIdRunnable() exception=2147943458
2014/04/02-00:19:20.616 ComClient       LcsGetClientIdRunnable() exception=2147943458
2014/04/02-09:42:16.258 ComClient       LcsGetClientIdRunnable() exception=2147943458
2014/04/02-10:08:08.419 ComClient       LcsGetClientIdRunnable() exception=2147943458
2014/04/02-21:45:28.901 ComClient       LcsGetClientIdRunnable() exception=2147943458
2014/04/03-15:50:30.675 ComClient       LcsGetClientIdRunnable() exception=2147943458
2014/04/04-01:52:30.025 ComClient       LcsGetClientIdRunnable() exception=2147943458
2014/04/05-01:23:46.748 ComClient       LcsGetClientIdRunnable() exception=2147943458
2014/04/06-02:11:46.694 ComClient       LcsGetClientIdRunnable() exception=2147943458
2014/04/07-00:20:01.500 ComClient       LcsGetClientIdRunnable() exception=2147943458
